// Jest Snapshot v1, https://goo.gl/fbAQLP

exports[`Home page matches snapshot 1`] = `
<DocumentFragment>
  <div
    class="jsx-4223712326 container"
  >
    <main
      class="jsx-4223712326"
    >
      <h1
        class="jsx-4223712326 title"
      >
        Welcome to the 
        <a
          class="jsx-4223712326"
          href="https://open.spotify.com/"
          rel="noopener noreferrer"
          target="_blank"
        >
          Spotify
        </a>
         Playlist Playground!
      </h1>
      <p
        class="jsx-4223712326 description"
      >
        To get started, go ahead and login by clicking the button below.
      </p>
      <a
        class="jsx-4223712326 btn"
        href="https://accounts.spotify.com/authorize?client_id=undefined&redirect_uri=undefined&scope=user-read-currently-playing%20user-read-recently-played%20user-read-playback-state%20user-top-read%20user-modify-playback-state&response_type=token&show_dialog=true"
      >
        Login to Spotify
      </a>
    </main>
    <footer
      class="jsx-4223712326"
    >
      <a
        class="jsx-4223712326"
        href="https://www.linkedin.com/in/matiasherranz/"
        rel="noopener noreferrer"
        target="_blank"
      >
        Created by Mat√≠as Herranz, powered by
        <div
          style="display: inline-block; max-width: 100%; overflow: hidden; position: relative; box-sizing: border-box; margin: 0px;"
        >
          <div
            style="box-sizing: border-box; display: block; max-width: 100%;"
          >
            <img
              alt=""
              aria-hidden="true"
              role="presentation"
              src="data:image/svg+xml;base64,PHN2ZyB3aWR0aD0iNjQiIGhlaWdodD0iMzIiIHhtbG5zPSJodHRwOi8vd3d3LnczLm9yZy8yMDAwL3N2ZyIgdmVyc2lvbj0iMS4xIi8+"
              style="max-width: 100%; display: block; margin: 0px; padding: 0px;"
            />
          </div>
          <noscript />
          <img
            alt="NextJS logo"
            decoding="async"
            src="data:image/gif;base64,R0lGODlhAQABAIAAAAAAAP///yH5BAEAAAAALAAAAAABAAEAAAIBRAA7"
            style="position: absolute; top: 0px; left: 0px; bottom: 0px; right: 0px; box-sizing: border-box; padding: 0px; margin: auto; display: block; width: 0px; height: 0px; min-width: 100%; max-width: 100%; min-height: 100%; max-height: 100%;"
          />
        </div>
        and ReactJS
        <div
          class="jsx-4223712326"
          style="margin-left: 4px;"
        >
          <div
            style="display: inline-block; max-width: 100%; overflow: hidden; position: relative; box-sizing: border-box; margin: 0px;"
          >
            <div
              style="box-sizing: border-box; display: block; max-width: 100%;"
            >
              <img
                alt=""
                aria-hidden="true"
                role="presentation"
                src="data:image/svg+xml;base64,PHN2ZyB3aWR0aD0iMjYiIGhlaWdodD0iMjYiIHhtbG5zPSJodHRwOi8vd3d3LnczLm9yZy8yMDAwL3N2ZyIgdmVyc2lvbj0iMS4xIi8+"
                style="max-width: 100%; display: block; margin: 0px; padding: 0px;"
              />
            </div>
            <noscript />
            <img
              alt="NextJS logo"
              decoding="async"
              src="data:image/gif;base64,R0lGODlhAQABAIAAAAAAAP///yH5BAEAAAAALAAAAAABAAEAAAIBRAA7"
              style="position: absolute; top: 0px; left: 0px; bottom: 0px; right: 0px; box-sizing: border-box; padding: 0px; margin: auto; display: block; width: 0px; height: 0px; min-width: 100%; max-width: 100%; min-height: 100%; max-height: 100%;"
            />
          </div>
        </div>
      </a>
    </footer>
  </div>
</DocumentFragment>
`;
